exports[`test Check <Home /> is getting rendered properly without errors! 1`] = `
<div>
  <div
    className="header">
    <div
      className="home-menu pure-menu pure-menu-horizontal pure-menu-fixed">
      <a
        className="pure-menu-heading"
        href="#">
        REACT CMS
      </a>
    </div>
  </div>
  <div
    className="pure-g home">
    <div
      className="pure-u-1-3">
      <div
        className="sidebar"
        id="component-menu">
        <div
          className="pure-menu">
          <div
            className="pure-menu-heading">
            Components
          </div>
          <ul
            className="pure-menu-list">
            <li
              className="pure-menu-item"
              style={
                Object {
                  "color": "#fff",
                }
              }>
              <a
                className="pure-menu-link"
                href="#">
                Test
              </a>
            </li>
            <li
              className="pure-menu-item"
              style={
                Object {
                  "color": "#fff",
                }
              }>
              <a
                className="pure-menu-link"
                href="#">
                Test
              </a>
            </li>
            <li
              className="pure-menu-item"
              style={
                Object {
                  "color": "#fff",
                }
              }>
              <a
                className="pure-menu-link"
                href="#">
                Test
              </a>
            </li>
            <li
              className="pure-menu-item"
              style={
                Object {
                  "color": "#fff",
                }
              }>
              <a
                className="pure-menu-link"
                href="#">
                Test
              </a>
            </li>
            <li
              className="pure-menu-item"
              style={
                Object {
                  "color": "#fff",
                }
              }>
              <a
                className="pure-menu-link"
                href="#">
                Test
              </a>
            </li>
            <li
              className="pure-menu-item"
              style={
                Object {
                  "color": "#fff",
                }
              }>
              <a
                className="pure-menu-link"
                href="#">
                Test
              </a>
            </li>
            <li
              className="pure-menu-item"
              style={
                Object {
                  "color": "#fff",
                }
              }>
              <a
                className="pure-menu-link"
                href="#">
                Test
              </a>
            </li>
          </ul>
        </div>
      </div>
    </div>
    <div
      className="pure-u-2-3">
      World
    </div>
  </div>
</div>
`;
